2026-05-29 19:54:37 | INFO     | Report upload started: sample 01 xls.xlsx (34942 bytes)
2026-05-29 19:54:37 | INFO     | Dispatching extraction for 'sample 01 xls.xlsx' (detected type: .xlsx)
2026-05-29 19:54:37 | INFO     | Excel extraction started: sample 01 xls.xlsx (34942 bytes)
2026-05-29 19:54:37 | INFO     | Excel extraction finished (medicines=89, dispenses=99)
2026-05-29 19:54:37 | INFO     | Parsed report: medicines=89, dispenses=99
2026-05-29 19:54:37 | INFO     | Report header extracted: missing=['pharmacy_name', 'address', 'phone', 'fax', 'report_date', 'report_from_date', 'report_to_date']
2026-05-29 19:54:37 | INFO     | Report grand totals extracted: missing=[]
2026-05-29 19:54:43 | INFO     | Medicine extracted: ndc=76204020025 name=ALBUTEROL SULFATE 0.083% SOL missing=['inventory_bucket', 'lot_no_exp_date'] totals_missing=['total_cost']
2026-05-29 19:54:44 | INFO     | Dispense extracted: ndc=76204020025 rx_no=507979.0 missing=[]
2026-05-29 19:54:44 | INFO     | Medicine extracted: ndc=00536110301 name=ALCOHOL PREP PADS missing=['inventory_bucket', 'lot_no_exp_date'] totals_missing=['total_cost']
2026-05-29 19:54:44 | INFO     | Dispense extracted: ndc=00536110301 rx_no=504197.0 missing=[]
2026-05-29 19:54:45 | INFO     | Medicine extracted: ndc=00904675180 name=ASPIRIN 81MG TAB missing=['inventory_bucket', 'lot_no_exp_date'] totals_missing=['total_cost']
2026-05-29 19:54:45 | INFO     | Dispense extracted: ndc=00904675180 rx_no=508294.0 missing=[]
2026-05-29 19:54:46 | INFO     | Medicine extracted: ndc=70377007713 name=ATORVASTATIN CALCIUM 10MG TAB missing=['inventory_bucket', 'lot_no_exp_date'] totals_missing=['total_cost']
2026-05-29 19:54:46 | INFO     | Dispense extracted: ndc=70377007713 rx_no=508296.0 missing=[]
2026-05-29 19:54:46 | INFO     | Medicine extracted: ndc=70377007813 name=ATORVASTATIN CALCIUM 20MG TAB missing=['inventory_bucket', 'lot_no_exp_date'] totals_missing=['total_cost']
2026-05-29 19:54:47 | INFO     | Dispense extracted: ndc=70377007813 rx_no=507290.0 missing=[]
2026-05-29 19:54:47 | INFO     | Medicine extracted: ndc=00310461612 name=BREZTRI 160-9-4.8MCG/AC INH missing=['inventory_bucket', 'lot_no_exp_date'] totals_missing=['total_cost']
2026-05-29 19:54:47 | INFO     | Dispense extracted: ndc=00310461612 rx_no=504850.0 missing=[]
2026-05-29 19:54:48 | INFO     | Medicine extracted: ndc=00121093316 name=BROMPHENIRAMINE MALE 2-30-10MG/5ML SYR missing=['inventory_bucket', 'lot_no_exp_date'] totals_missing=['total_cost']
2026-05-29 19:54:48 | INFO     | Dispense extracted: ndc=00121093316 rx_no=509573.0 missing=[]
2026-05-29 19:54:48 | INFO     | Medicine extracted: ndc=69097007212 name=buPROPion HYDROCHLOR 300MG TAB missing=['inventory_bucket', 'lot_no_exp_date'] totals_missing=['total_cost']
2026-05-29 19:54:49 | INFO     | Dispense extracted: ndc=69097007212 rx_no=505715.0 missing=[]
2026-05-29 19:54:49 | INFO     | Medicine extracted: ndc=68382009505 name=CARVEDILOL 25MG TAB missing=['inventory_bucket', 'lot_no_exp_date'] totals_missing=['total_cost']
2026-05-29 19:54:49 | INFO     | Dispense extracted: ndc=68382009505 rx_no=508909.0 missing=[]
2026-05-29 19:54:50 | INFO     | Medicine extracted: ndc=43598071910 name=CHLORTHALIDONE 25MG TAB missing=['inventory_bucket', 'lot_no_exp_date'] totals_missing=['total_cost']
2026-05-29 19:54:50 | INFO     | Dispense extracted: ndc=43598071910 rx_no=500888.0 missing=[]
2026-05-29 19:54:50 | INFO     | Medicine extracted: ndc=50228012405 name=CLOPIDOGREL 75MG TAB missing=['inventory_bucket', 'lot_no_exp_date'] totals_missing=['total_cost']
2026-05-29 19:54:51 | INFO     | Dispense extracted: ndc=50228012405 rx_no=508293.0 missing=[]
2026-05-29 19:54:51 | INFO     | Medicine extracted: ndc=43598012105 name=CLOPIDOGREL BIS NEW 75MG TAB missing=['inventory_bucket', 'lot_no_exp_date'] totals_missing=['total_cost']
2026-05-29 19:54:51 | INFO     | Dispense extracted: ndc=43598012105 rx_no=505979.0 missing=[]
2026-05-29 19:54:52 | INFO     | Medicine extracted: ndc=52817080030 name=CLOTRIMAZOLE 1% SOL missing=['inventory_bucket', 'lot_no_exp_date'] totals_missing=['total_cost']
2026-05-29 19:54:52 | INFO     | Dispense extracted: ndc=52817080030 rx_no=507757.0 missing=[]
2026-05-29 19:54:53 | INFO     | Medicine extracted: ndc=00193731150 name=CONTOUR NEXT  TEST STRIPS  EA missing=['inventory_bucket'] totals_missing=['total_cost']
2026-05-29 19:54:53 | INFO     | Dispense extracted: ndc=00193731150 rx_no=504198.0 missing=[]
2026-05-29 19:54:53 | INFO     | Medicine extracted: ndc=66993045730 name=DAPAGLIFLOZIN (FARXIGA) 10MG TAB missing=['inventory_bucket', 'lot_no_exp_date'] totals_missing=['total_cost']
2026-05-29 19:54:53 | INFO     | Dispense extracted: ndc=66993045730 rx_no=509561.0 missing=[]
2026-05-29 19:54:54 | INFO     | Medicine extracted: ndc=00904728080 name=DOCUSATE SODIUM 100MG CAP missing=['inventory_bucket', 'lot_no_exp_date'] totals_missing=['total_cost']
2026-05-29 19:54:54 | INFO     | Dispense extracted: ndc=00904728080 rx_no=509114.0 missing=[]
2026-05-29 19:54:54 | INFO     | Medicine extracted: ndc=78206012701 name=DULERA 100-5MCG/ACTUAT AER missing=['inventory_bucket', 'lot_no_exp_date'] totals_missing=['total_cost']
2026-05-29 19:54:55 | INFO     | Dispense extracted: ndc=78206012701 rx_no=507137.0 missing=[]
2026-05-29 19:54:55 | INFO     | Medicine extracted: ndc=67877049005 name=EZETIMIBE 10MG TAB missing=['inventory_bucket', 'lot_no_exp_date'] totals_missing=['total_cost']
2026-05-29 19:54:55 | INFO     | Dispense extracted: ndc=67877049005 rx_no=505719.0 missing=[]
2026-05-29 19:54:56 | INFO     | Medicine extracted: ndc=69315012710 name=FOLIC ACID (VITAMIN 1MG TAB missing=['inventory_bucket', 'lot_no_exp_date'] totals_missing=['total_cost']
2026-05-29 19:54:56 | INFO     | Dispense extracted: ndc=69315012710 rx_no=508247.0 missing=[]
2026-05-29 19:54:57 | INFO     | Medicine extracted: ndc=69452039588 name=hydrOXYzine HYDROCHL 10MG/5ML SOL missing=['inventory_bucket', 'lot_no_exp_date'] totals_missing=['total_cost']
2026-05-29 19:54:57 | INFO     | Dispense extracted: ndc=69452039588 rx_no=509489.0 missing=[]
2026-05-29 19:54:57 | INFO     | Medicine extracted: ndc=00006057761 name=JANUMET 50-1000MG TAB missing=['inventory_bucket'] totals_missing=['total_cost']
2026-05-29 19:54:58 | INFO     | Dispense extracted: ndc=00006057761 rx_no=506286.0 missing=[]
2026-05-29 19:54:58 | INFO     | Medicine extracted: ndc=00597015230 name=JARDIANCE 10MG TAB missing=['inventory_bucket', 'lot_no_exp_date'] totals_missing=['total_cost']
2026-05-29 19:54:59 | INFO     | Dispense extracted: ndc=00597015230 rx_no=507280.0 missing=[]
2026-05-29 19:54:59 | INFO     | Dispense extracted: ndc=00597015230 rx_no=506885.0 missing=[]
2026-05-29 19:54:59 | INFO     | Medicine extracted: ndc=50419054001 name=KERENDIA 10MG TAB missing=['inventory_bucket', 'lot_no_exp_date'] totals_missing=['total_cost']
2026-05-29 19:54:59 | INFO     | Dispense extracted: ndc=50419054001 rx_no=506460.0 missing=[]
2026-05-29 19:55:00 | INFO     | Medicine extracted: ndc=00168009960 name=KETOCONAZOLE 2% CRM missing=['inventory_bucket', 'lot_no_exp_date'] totals_missing=['total_cost']
2026-05-29 19:55:00 | INFO     | Dispense extracted: ndc=00168009960 rx_no=507756.0 missing=[]
2026-05-29 19:55:00 | INFO     | Medicine extracted: ndc=08496321001 name=LANCETS EASY TOUCH missing=['inventory_bucket', 'lot_no_exp_date'] totals_missing=['total_cost']
2026-05-29 19:55:01 | INFO     | Dispense extracted: ndc=08496321001 rx_no=504200.0 missing=[]
2026-05-29 19:55:01 | INFO     | Medicine extracted: ndc=51660052605 name=LORATADINE 10MG TAB missing=['inventory_bucket'] totals_missing=['total_cost']
2026-05-29 19:55:01 | INFO     | Dispense extracted: ndc=51660052605 rx_no=507978.0 missing=[]
2026-05-29 19:55:02 | INFO     | Medicine extracted: ndc=43547042309 name=LOSARTAN POTASSIUM, 50-12.5MG TAB missing=['inventory_bucket', 'lot_no_exp_date'] totals_missing=['total_cost']
2026-05-29 19:55:02 | INFO     | Dispense extracted: ndc=43547042309 rx_no=508295.0 missing=[]
2026-05-29 19:55:02 | INFO     | Medicine extracted: ndc=67877015905 name=metFORMIN HCL ER 500MG TER missing=['inventory_bucket', 'lot_no_exp_date'] totals_missing=['total_cost']
2026-05-29 19:55:02 | INFO     | Dispense extracted: ndc=67877015905 rx_no=508297.0 missing=[]
2026-05-29 19:55:03 | INFO     | Medicine extracted: ndc=42806040021 name=methylPREDNISolone 4mg TAB missing=['inventory_bucket', 'lot_no_exp_date'] totals_missing=['total_cost']
2026-05-29 19:55:03 | INFO     | Dispense extracted: ndc=42806040021 rx_no=509574.0 missing=[]
2026-05-29 19:55:03 | INFO     | Medicine extracted: ndc=68382056510 name=METOPROLOL SUCCINATE 50MG TAB missing=['inventory_bucket', 'lot_no_exp_date'] totals_missing=['total_cost']
2026-05-29 19:55:04 | INFO     | Dispense extracted: ndc=68382056510 rx_no=508300.0 missing=[]
2026-05-29 19:55:04 | INFO     | Medicine extracted: ndc=53489038601 name=MINOXIDIL 2.5MG TAB missing=['inventory_bucket', 'lot_no_exp_date'] totals_missing=['total_cost']
2026-05-29 19:55:04 | INFO     | Dispense extracted: ndc=53489038601 rx_no=505714.0 missing=[]
2026-05-29 19:55:05 | INFO     | Medicine extracted: ndc=29300022010 name=MONTELUKAST SODIUM 10MG TAB missing=['inventory_bucket', 'lot_no_exp_date'] totals_missing=['total_cost']
2026-05-29 19:55:05 | INFO     | Dispense extracted: ndc=29300022010 rx_no=505980.0 missing=[]
2026-05-29 19:55:05 | INFO     | Medicine extracted: ndc=50742026201 name=NIFEdipine 90MG TAB ER missing=['inventory_bucket', 'lot_no_exp_date'] totals_missing=['total_cost']
2026-05-29 19:55:06 | INFO     | Dispense extracted: ndc=50742026201 rx_no=508299.0 missing=[]
2026-05-29 19:55:06 | INFO     | Medicine extracted: ndc=00536130723 name=OLOPATADINE HYDROCHL 0.2% DROP missing=['inventory_bucket', 'lot_no_exp_date'] totals_missing=['total_cost']
2026-05-29 19:55:06 | INFO     | Dispense extracted: ndc=00536130723 rx_no=503047.0 missing=[]
2026-05-29 19:55:07 | INFO     | Medicine extracted: ndc=68462039710 name=OMEPRAZOLE 40mg CAP missing=['inventory_bucket', 'lot_no_exp_date'] totals_missing=['total_cost']
2026-05-29 19:55:07 | INFO     | Dispense extracted: ndc=68462039710 rx_no=507638.0 missing=[]
2026-05-29 19:55:07 | INFO     | Medicine extracted: ndc=00169418113 name=OZEMPIC 0.25 OR 0.50 0.25MG INJ missing=['inventory_bucket', 'lot_no_exp_date'] totals_missing=['total_cost']
2026-05-29 19:55:08 | INFO     | Dispense extracted: ndc=00169418113 rx_no=508938.0 missing=[]
2026-05-29 19:55:08 | INFO     | Medicine extracted: ndc=00093720298 name=PRAVASTATIN SODIUM 40MG TAB missing=['inventory_bucket'] totals_missing=['total_cost']
2026-05-29 19:55:08 | INFO     | Dispense extracted: ndc=00093720298 rx_no=509429.0 missing=[]
2026-05-29 19:55:09 | INFO     | Medicine extracted: ndc=67877070760 name=SACUBITRIL, VALSARTA 24-26MG TAB missing=['inventory_bucket', 'lot_no_exp_date'] totals_missing=['total_cost']
2026-05-29 19:55:09 | INFO     | Dispense extracted: ndc=67877070760 rx_no=508907.0 missing=[]
2026-05-29 19:55:09 | INFO     | Medicine extracted: ndc=00186037020 name=SYMBICORT 160-4.5MCG INHA missing=['inventory_bucket'] totals_missing=['total_cost']
2026-05-29 19:55:10 | INFO     | Dispense extracted: ndc=00186037020 rx_no=503048.0 missing=[]
2026-05-29 19:55:10 | INFO     | Medicine extracted: ndc=59676080030 name=SYMTUZA 800-200-10-150M TAB missing=['inventory_bucket', 'lot_no_exp_date'] totals_missing=['total_cost']
2026-05-29 19:55:11 | INFO     | Dispense extracted: ndc=59676080030 rx_no=507611.0 missing=[]
2026-05-29 19:55:11 | INFO     | Medicine extracted: ndc=80681009800 name=VITAMIN B1 100MG MCD missing=['inventory_bucket', 'lot_no_exp_date'] totals_missing=['total_cost']
2026-05-29 19:55:11 | INFO     | Dispense extracted: ndc=80681009800 rx_no=508243.0 missing=[]
2026-05-29 19:55:12 | INFO     | Medicine extracted: ndc=64380073706 name=VITAMIN D 50000IU CAP missing=['inventory_bucket', 'lot_no_exp_date'] totals_missing=['total_cost']
2026-05-29 19:55:12 | INFO     | Dispense extracted: ndc=64380073706 rx_no=501132.0 missing=[]
2026-05-29 19:55:12 | INFO     | Dispense extracted: ndc=64380073706 rx_no=509575.0 missing=[]
2026-05-29 19:55:12 | INFO     | Medicine extracted: ndc=70710124203 name=ZITUVIO 100MG TAB missing=['inventory_bucket', 'lot_no_exp_date'] totals_missing=['total_cost']
2026-05-29 19:55:13 | INFO     | Dispense extracted: ndc=70710124203 rx_no=508908.0 missing=[]
2026-05-29 19:55:13 | INFO     | Medicine extracted: ndc=00536132710 name=ACETAMINOPHEN 325MG TAB missing=['inventory_bucket', 'lot_no_exp_date'] totals_missing=['total_cost']
2026-05-29 19:55:13 | INFO     | Dispense extracted: ndc=00536132710 rx_no=509576.0 missing=[]
2026-05-29 19:55:14 | INFO     | Medicine extracted: ndc=66993001968 name=ALBUTEROL 90MCG/ACTUATION AER missing=['inventory_bucket', 'lot_no_exp_date'] totals_missing=['total_cost']
2026-05-29 19:55:14 | INFO     | Dispense extracted: ndc=66993001968 rx_no=508257.0 missing=[]
2026-05-29 19:55:14 | INFO     | Dispense extracted: ndc=66993001968 rx_no=503069.0 missing=[]
2026-05-29 19:55:15 | INFO     | Medicine extracted: ndc=69097012815 name=amLODIPine BESYLATE 10MG TAB missing=['inventory_bucket'] totals_missing=['total_cost']
2026-05-29 19:55:15 | INFO     | Dispense extracted: ndc=69097012815 rx_no=506258.0 missing=[]
2026-05-29 19:55:15 | INFO     | Dispense extracted: ndc=69097012815 rx_no=509578.0 missing=[]
2026-05-29 19:55:15 | INFO     | Dispense extracted: ndc=69097012815 rx_no=509552.0 missing=[]
2026-05-29 19:55:15 | INFO     | Dispense extracted: ndc=69097012815 rx_no=509490.0 missing=[]
2026-05-29 19:55:15 | INFO     | Medicine extracted: ndc=68180047201 name=AMLODIPINE/BENAZEPRIL 10-20MG CAP missing=['inventory_bucket', 'lot_no_exp_date'] totals_missing=['total_cost']
2026-05-29 19:55:16 | INFO     | Dispense extracted: ndc=68180047201 rx_no=507658.0 missing=[]
2026-05-29 19:55:16 | INFO     | Medicine extracted: ndc=45802049326 name=AMMONIUM LACTATE 12% CRM missing=['inventory_bucket'] totals_missing=['total_cost']
2026-05-29 19:55:16 | INFO     | Dispense extracted: ndc=45802049326 rx_no=508614.0 missing=[]
2026-05-29 19:55:16 | INFO     | Medicine extracted: ndc=65162089903 name=ARIPiprazole 15MG TAB missing=['inventory_bucket'] totals_missing=['total_cost']
2026-05-29 19:55:17 | INFO     | Dispense extracted: ndc=65162089903 rx_no=509357.0 missing=[]
2026-05-29 19:55:17 | INFO     | Medicine extracted: ndc=70710116801 name=ATENOLOL, CHLORTHALI 100-25MG TAB missing=['inventory_bucket', 'lot_no_exp_date'] totals_missing=['total_cost']
2026-05-29 19:55:17 | INFO     | Dispense extracted: ndc=70710116801 rx_no=507549.0 missing=[]
2026-05-29 19:55:18 | INFO     | Medicine extracted: ndc=70377007713 name=ATORVASTATIN CALCIUM 10MG TAB missing=['inventory_bucket', 'lot_no_exp_date'] totals_missing=['total_cost']
2026-05-29 19:55:18 | INFO     | Dispense extracted: ndc=70377007713 rx_no=509391.0 missing=[]
2026-05-29 19:55:18 | INFO     | Medicine extracted: ndc=50228014405 name=buPROPion HYDRO(XL) 150MG TAB missing=['inventory_bucket', 'lot_no_exp_date'] totals_missing=['total_cost']
2026-05-29 19:55:19 | INFO     | Dispense extracted: ndc=50228014405 rx_no=509467.0 missing=[]
2026-05-29 19:55:19 | INFO     | Medicine extracted: ndc=72888006501 name=busPIRone HYDROCHLOR 15MG TAB missing=['inventory_bucket', 'lot_no_exp_date'] totals_missing=['total_cost']
2026-05-29 19:55:20 | INFO     | Dispense extracted: ndc=72888006501 rx_no=509466.0 missing=[]
2026-05-29 19:55:20 | INFO     | Medicine extracted: ndc=59651072399 name=clonazePAM 1MG TAB missing=['inventory_bucket', 'lot_no_exp_date'] totals_missing=['total_cost']
2026-05-29 19:55:20 | INFO     | Dispense extracted: ndc=59651072399 rx_no=302924.0 missing=[]
2026-05-29 19:55:20 | INFO     | Medicine extracted: ndc=08627007701 name=DEXCOM G7 SENSOR KT missing=['inventory_bucket', 'lot_no_exp_date'] totals_missing=['total_cost']
2026-05-29 19:55:21 | INFO     | Dispense extracted: ndc=08627007701 rx_no=505589.0 missing=[]
2026-05-29 19:55:21 | INFO     | Medicine extracted: ndc=59651084201 name=DICLOFENAC SODIUM 50MG TAB missing=['inventory_bucket', 'lot_no_exp_date'] totals_missing=['total_cost']
2026-05-29 19:55:22 | INFO     | Dispense extracted: ndc=59651084201 rx_no=509398.0 missing=[]
2026-05-29 19:55:22 | INFO     | Medicine extracted: ndc=65162075750 name=DIVALPROEX ER 500MG TAB missing=['inventory_bucket', 'lot_no_exp_date'] totals_missing=['total_cost']
2026-05-29 19:55:22 | INFO     | Dispense extracted: ndc=65162075750 rx_no=509356.0 missing=[]
2026-05-29 19:55:23 | INFO     | Medicine extracted: ndc=83017011903 name=EMBECTA 5 MM MCD missing=['inventory_bucket', 'lot_no_exp_date'] totals_missing=['total_cost']
2026-05-29 19:55:23 | INFO     | Dispense extracted: ndc=83017011903 rx_no=508394.0 missing=[]
2026-05-29 19:55:23 | INFO     | Medicine extracted: ndc=51672403703 name=ENALAPRIL MALEATE 2.5MG TAB missing=['inventory_bucket', 'lot_no_exp_date'] totals_missing=['total_cost']
2026-05-29 19:55:24 | INFO     | Dispense extracted: ndc=51672403703 rx_no=502793.0 missing=[]
2026-05-29 19:55:24 | INFO     | Medicine extracted: ndc=00115169449 name=EPINEPHrine 0.3MG/DOSE INJ missing=['inventory_bucket', 'lot_no_exp_date'] totals_missing=['total_cost']
2026-05-29 19:55:24 | INFO     | Dispense extracted: ndc=00115169449 rx_no=506941.0 missing=[]
2026-05-29 19:55:25 | INFO     | Medicine extracted: ndc=00310621030 name=FARXIGA 10MG TAB missing=['inventory_bucket', 'lot_no_exp_date'] totals_missing=['total_cost']
2026-05-29 19:55:25 | INFO     | Dispense extracted: ndc=00310621030 rx_no=509503.0 missing=[]
2026-05-29 19:55:26 | INFO     | Medicine extracted: ndc=55111078401 name=FEXOFENADINE HYDROCH 180MG TAB missing=['inventory_bucket', 'lot_no_exp_date'] totals_missing=['total_cost']
2026-05-29 19:55:26 | INFO     | Dispense extracted: ndc=55111078401 rx_no=502099.0 missing=[]
2026-05-29 19:55:26 | INFO     | Medicine extracted: ndc=60505082901 name=FLUTICASONE PROPIONA 50MCG/IN AER missing=['inventory_bucket', 'lot_no_exp_date'] totals_missing=['total_cost']
2026-05-29 19:55:27 | INFO     | Dispense extracted: ndc=60505082901 rx_no=506260.0 missing=[]
2026-05-29 19:55:27 | INFO     | Medicine extracted: ndc=73070010315 name=INSULIN ASPART(NOVOLOG) 100U/ML INJ missing=['inventory_bucket', 'lot_no_exp_date'] totals_missing=['total_cost']
2026-05-29 19:55:27 | INFO     | Dispense extracted: ndc=73070010315 rx_no=503830.0 missing=[]
2026-05-29 19:55:28 | INFO     | Medicine extracted: ndc=61314054701 name=LATANOPROST 0.005% SOL missing=['inventory_bucket'] totals_missing=['total_cost']
2026-05-29 19:55:28 | INFO     | Dispense extracted: ndc=61314054701 rx_no=503184.0 missing=[]
2026-05-29 19:55:28 | INFO     | Dispense extracted: ndc=61314054701 rx_no=507694.0 missing=[]
2026-05-29 19:55:28 | INFO     | Dispense extracted: ndc=61314054701 rx_no=505683.0 missing=[]
2026-05-29 19:55:28 | INFO     | Medicine extracted: ndc=70000009801 name=LIDOCAINE MCD 4% CRM missing=['inventory_bucket', 'lot_no_exp_date'] totals_missing=['total_cost']
2026-05-29 19:55:29 | INFO     | Dispense extracted: ndc=70000009801 rx_no=506896.0 missing=[]
2026-05-29 19:55:29 | INFO     | Medicine extracted: ndc=00456120330 name=LINZESS 72MCG CAP missing=['inventory_bucket', 'lot_no_exp_date'] totals_missing=['total_cost']
2026-05-29 19:55:30 | INFO     | Dispense extracted: ndc=00456120330 rx_no=507550.0 missing=[]
2026-05-29 19:55:30 | INFO     | Dispense extracted: ndc=00456120330 rx_no=509375.0 missing=[]
2026-05-29 19:55:30 | INFO     | Medicine extracted: ndc=51660052605 name=LORATADINE 10MG TAB missing=['inventory_bucket'] totals_missing=['total_cost']
2026-05-29 19:55:30 | INFO     | Dispense extracted: ndc=51660052605 rx_no=508236.0 missing=[]
2026-05-29 19:55:31 | INFO     | Medicine extracted: ndc=65862020399 name=LOSARTAN POTASSIUM 100MG TAB missing=['inventory_bucket'] totals_missing=['total_cost']
2026-05-29 19:55:31 | INFO     | Dispense extracted: ndc=65862020399 rx_no=508392.0 missing=[]
2026-05-29 19:55:31 | INFO     | Medicine extracted: ndc=43547042309 name=LOSARTAN POTASSIUM, 50-12.5MG TAB missing=['inventory_bucket', 'lot_no_exp_date'] totals_missing=['total_cost']
2026-05-29 19:55:31 | INFO     | Dispense extracted: ndc=43547042309 rx_no=509577.0 missing=[]
2026-05-29 19:55:32 | INFO     | Medicine extracted: ndc=53746044110 name=MECLIZINE HYDROCHLOR 12.5MG TAB missing=['inventory_bucket', 'lot_no_exp_date'] totals_missing=['total_cost']
2026-05-29 19:55:32 | INFO     | Dispense extracted: ndc=53746044110 rx_no=509392.0 missing=[]
2026-05-29 19:55:32 | INFO     | Medicine extracted: ndc=69097015815 name=MELOXICAM 7.5mg TAB missing=['inventory_bucket', 'lot_no_exp_date'] totals_missing=['total_cost']
2026-05-29 19:55:32 | INFO     | Dispense extracted: ndc=69097015815 rx_no=509470.0 missing=[]
2026-05-29 19:55:33 | INFO     | Medicine extracted: ndc=23155007101 name=methIMAzole 10MG TAB missing=['inventory_bucket'] totals_missing=['total_cost']
2026-05-29 19:55:33 | INFO     | Dispense extracted: ndc=23155007101 rx_no=508452.0 missing=[]
2026-05-29 19:55:34 | INFO     | Medicine extracted: ndc=50228046501 name=NABUMETONE 500MG TAB missing=['inventory_bucket', 'lot_no_exp_date'] totals_missing=['total_cost']
2026-05-29 19:55:34 | INFO     | Dispense extracted: ndc=50228046501 rx_no=509569.0 missing=[]
2026-05-29 19:55:34 | INFO     | Medicine extracted: ndc=00169633910 name=NovoLOG FLEXPEN 100U/ML INJ missing=['inventory_bucket'] totals_missing=['total_cost']
2026-05-29 19:55:34 | INFO     | Dispense extracted: ndc=00169633910 rx_no=509223.0 missing=[]
2026-05-29 19:55:35 | INFO     | Medicine extracted: ndc=00169418113 name=OZEMPIC 0.25 OR 0.50 0.25MG INJ missing=['inventory_bucket', 'lot_no_exp_date'] totals_missing=['total_cost']
2026-05-29 19:55:35 | INFO     | Dispense extracted: ndc=00169418113 rx_no=509508.0 missing=[]
2026-05-29 19:55:35 | INFO     | Dispense extracted: ndc=00169418113 rx_no=508390.0 missing=[]
2026-05-29 19:55:35 | INFO     | Medicine extracted: ndc=00169477212 name=OZEMPIC 2MG/DOSE SOL 2MG/DOSE INJ missing=['inventory_bucket', 'lot_no_exp_date'] totals_missing=['total_cost']
2026-05-29 19:55:35 | INFO     | Dispense extracted: ndc=00169477212 rx_no=501870.0 missing=[]
2026-05-29 19:55:36 | INFO     | Medicine extracted: ndc=00093720198 name=PRAVASTATIN SODIUM 20MG TAB missing=['inventory_bucket', 'lot_no_exp_date'] totals_missing=['total_cost']
2026-05-29 19:55:36 | INFO     | Dispense extracted: ndc=00093720198 rx_no=509550.0 missing=[]
2026-05-29 19:55:36 | INFO     | Medicine extracted: ndc=67877024601 name=QUEtiapine FUMARATE 200MG TAB missing=['inventory_bucket', 'lot_no_exp_date'] totals_missing=['total_cost']
2026-05-29 19:55:37 | INFO     | Dispense extracted: ndc=67877024601 rx_no=509465.0 missing=[]
2026-05-29 19:55:37 | INFO     | Medicine extracted: ndc=00023916360 name=RESTASIS 0.05% LIQ missing=['inventory_bucket'] totals_missing=['total_cost']
2026-05-29 19:55:37 | INFO     | Dispense extracted: ndc=00023916360 rx_no=507722.0 missing=[]
2026-05-29 19:55:38 | INFO     | Medicine extracted: ndc=68462026210 name=ROSUVASTATIN CALCIUM 10MG TAB missing=['inventory_bucket', 'lot_no_exp_date'] totals_missing=['total_cost']
2026-05-29 19:55:38 | INFO     | Dispense extracted: ndc=68462026210 rx_no=508395.0 missing=[]
2026-05-29 19:55:39 | INFO     | Medicine extracted: ndc=68462026110 name=ROSUVASTATIN CALCIUM 5MG TAB missing=['inventory_bucket', 'lot_no_exp_date'] totals_missing=['total_cost']
2026-05-29 19:55:39 | INFO     | Dispense extracted: ndc=68462026110 rx_no=505736.0 missing=[]
2026-05-29 19:55:39 | INFO     | Medicine extracted: ndc=00173088710 name=TRELEGY ELLIPTA 100-62.5-25MCG/ PWD missing=['inventory_bucket'] totals_missing=['total_cost']
2026-05-29 19:55:40 | INFO     | Dispense extracted: ndc=00173088710 rx_no=507633.0 missing=[]
2026-05-29 19:55:40 | INFO     | Medicine extracted: ndc=00173089310 name=TRELEGY ELLIPTA 200-62.5-25MCG/ PWD missing=['inventory_bucket', 'lot_no_exp_date'] totals_missing=['total_cost']
2026-05-29 19:55:41 | INFO     | Dispense extracted: ndc=00173089310 rx_no=508488.0 missing=[]
2026-05-29 19:55:41 | INFO     | Medicine extracted: ndc=00169266015 name=TRESIBA FLXTC 100U/ML INJ missing=['inventory_bucket'] totals_missing=['total_cost']
2026-05-29 19:55:41 | INFO     | Dispense extracted: ndc=00169266015 rx_no=508856.0 missing=[]
2026-05-29 19:55:42 | INFO     | Medicine extracted: ndc=21922006204 name=TRIAMCINOLONE ACETON 0.1% CRM missing=['inventory_bucket', 'lot_no_exp_date'] totals_missing=['total_cost']
2026-05-29 19:55:42 | INFO     | Dispense extracted: ndc=21922006204 rx_no=509462.0 missing=[]
2026-05-29 19:55:42 | INFO     | Medicine extracted: ndc=43547037009 name=VALSARTAN 320MG TAB missing=['inventory_bucket', 'lot_no_exp_date'] totals_missing=['total_cost']
2026-05-29 19:55:43 | INFO     | Dispense extracted: ndc=43547037009 rx_no=509551.0 missing=[]
2026-05-29 19:55:43 | INFO     | Medicine extracted: ndc=70700011885 name=VIENVA 0.1-0.02MG TAB missing=['inventory_bucket', 'lot_no_exp_date'] totals_missing=['total_cost']
2026-05-29 19:55:43 | INFO     | Dispense extracted: ndc=70700011885 rx_no=508974.0 missing=[]
2026-05-29 19:55:43 | INFO     | Medicine extracted: ndc=69097015915 name=MELOXICAM 15MG TAB missing=['inventory_bucket'] totals_missing=['total_cost']
2026-05-29 19:55:44 | INFO     | Dispense extracted: ndc=69097015915 rx_no=508973.0 missing=[]
2026-05-29 19:56:45 | INFO     | Report stored: report_id=37, medicines=89, dispenses=99
