2026-05-28 23:26:00 | INFO     | Scanning barcode using pyzbar...
2026-05-28 23:26:00 | INFO     | Detected barcode: 0375907005305
2026-05-28 23:26:00 | INFO     | Normalized package NDC: 75907-005-30
2026-05-28 23:26:00 | INFO     | FDA query URL: https://api.fda.gov/drug/ndc.json?search=packaging.package_ndc%3A%227590-7005-30%22
2026-05-28 23:26:02 | INFO     | FDA response status: 404
2026-05-28 23:26:02 | WARNING  | FDA API error: {
  "error": {
    "code": "NOT_FOUND",
    "message": "No matches found!"
  }
}
2026-05-28 23:26:02 | INFO     | FDA query URL: https://api.fda.gov/drug/ndc.json?search=packaging.package_ndc%3A%2275907-005-30%22
2026-05-28 23:26:03 | INFO     | FDA response status: 200
2026-05-28 23:26:03 | INFO     | Processing complete.
2026-05-28 23:26:36 | INFO     | DataMatrix scan: 20260331_181340184_iOS.heic -> No DataMatrix barcode detected in the image.
2026-05-28 23:27:04 | INFO     | Scanning barcode using pyzbar...
2026-05-28 23:27:05 | INFO     | Detected barcode: 0365862779908
2026-05-28 23:27:05 | INFO     | Normalized package NDC: 65862-779-90
2026-05-28 23:27:05 | INFO     | FDA query URL: https://api.fda.gov/drug/ndc.json?search=packaging.package_ndc%3A%226586-2779-90%22
2026-05-28 23:27:07 | INFO     | FDA response status: 404
2026-05-28 23:27:07 | WARNING  | FDA API error: {
  "error": {
    "code": "NOT_FOUND",
    "message": "No matches found!"
  }
}
2026-05-28 23:27:07 | INFO     | FDA query URL: https://api.fda.gov/drug/ndc.json?search=packaging.package_ndc%3A%2265862-779-90%22
2026-05-28 23:27:08 | INFO     | FDA response status: 200
2026-05-28 23:27:08 | INFO     | Processing complete.
2026-05-28 23:27:41 | INFO     | DataMatrix scan: 20260331_181433288_iOS.heic -> No DataMatrix barcode detected in the image.
2026-05-28 23:28:03 | INFO     | Scanning barcode using pyzbar...
2026-05-28 23:28:03 | INFO     | Detected barcode: 0350742622016
2026-05-28 23:28:03 | INFO     | Normalized package NDC: 50742-622-01
2026-05-28 23:28:03 | INFO     | FDA query URL: https://api.fda.gov/drug/ndc.json?search=packaging.package_ndc%3A%225074-2622-01%22
2026-05-28 23:28:05 | INFO     | FDA response status: 404
2026-05-28 23:28:05 | WARNING  | FDA API error: {
  "error": {
    "code": "NOT_FOUND",
    "message": "No matches found!"
  }
}
2026-05-28 23:28:05 | INFO     | FDA query URL: https://api.fda.gov/drug/ndc.json?search=packaging.package_ndc%3A%2250742-622-01%22
2026-05-28 23:28:06 | INFO     | FDA response status: 200
2026-05-28 23:28:06 | INFO     | Processing complete.
2026-05-28 23:28:07 | INFO     | DataMatrix scan: 20260331_181500907_iOS.heic gtin=00350742622016 serial=20000027040817270531 exp=2027-05-31 lot=03507426220162120000
2026-05-28 23:28:07 | INFO     | OK BARCODE_OK: 20260331_181500907_iOS.heic ndc10=50742-622-01 -> ndc11=50742062201
2026-05-28 23:28:11 | INFO     | MATCH_FAIL: 20260331_181500907_iOS.heic ndc11=50742062201 no invoice match
2026-05-28 23:29:13 | INFO     | Scanning barcode using pyzbar...
2026-05-28 23:29:13 | INFO     | Detected barcode: 0369452312209
2026-05-28 23:29:13 | INFO     | Normalized package NDC: 69452-312-20
2026-05-28 23:29:13 | INFO     | FDA query URL: https://api.fda.gov/drug/ndc.json?search=packaging.package_ndc%3A%226945-2312-20%22
2026-05-28 23:29:15 | INFO     | FDA response status: 404
2026-05-28 23:29:15 | WARNING  | FDA API error: {
  "error": {
    "code": "NOT_FOUND",
    "message": "No matches found!"
  }
}
2026-05-28 23:29:15 | INFO     | FDA query URL: https://api.fda.gov/drug/ndc.json?search=packaging.package_ndc%3A%2269452-312-20%22
2026-05-28 23:29:17 | INFO     | FDA response status: 200
2026-05-28 23:29:17 | INFO     | Processing complete.
2026-05-28 23:29:17 | INFO     | DataMatrix scan: 20260331_181536749_iOS.heic gtin=00369452312209 serial=1SGKC1XE3ZFK17270531 exp=2027-05-31 lot=0369452312209211SGKC
2026-05-28 23:29:17 | INFO     | OK BARCODE_OK: 20260331_181536749_iOS.heic ndc10=69452-312-20 -> ndc11=69452031220
2026-05-28 23:29:17 | INFO     | MATCH_FAIL: 20260331_181536749_iOS.heic ndc11=69452031220 no invoice match
