2026-05-28 23:30:09 | INFO     | Scanning barcode using pyzbar...
2026-05-28 23:30:10 | INFO     | Detected barcode: 0368382095053
2026-05-28 23:30:10 | INFO     | Normalized package NDC: 68382-095-05
2026-05-28 23:30:10 | INFO     | FDA query URL: https://api.fda.gov/drug/ndc.json?search=packaging.package_ndc%3A%226838-2095-05%22
2026-05-28 23:30:12 | INFO     | FDA response status: 404
2026-05-28 23:30:12 | WARNING  | FDA API error: {
  "error": {
    "code": "NOT_FOUND",
    "message": "No matches found!"
  }
}
2026-05-28 23:30:12 | INFO     | FDA query URL: https://api.fda.gov/drug/ndc.json?search=packaging.package_ndc%3A%2268382-095-05%22
2026-05-28 23:30:14 | INFO     | FDA response status: 200
2026-05-28 23:30:14 | INFO     | Processing complete.
2026-05-28 23:30:15 | INFO     | DataMatrix scan: 20260331_181104209_iOS.heic gtin=00368382095053 serial=30200524124720172704 exp=2027-04-30 lot=03683820950532130200
2026-05-28 23:30:15 | INFO     | OK BARCODE_OK: 20260331_181104209_iOS.heic ndc10=68382-095-01 -> ndc11=68382009501
2026-05-28 23:30:19 | INFO     | MATCH_FAIL: 20260331_181104209_iOS.heic ndc11=68382009501 no invoice match
2026-05-28 23:30:48 | INFO     | Scanning barcode using pyzbar...
2026-05-28 23:30:48 | INFO     | Detected barcode: 0350742622016
2026-05-28 23:30:48 | INFO     | Normalized package NDC: 50742-622-01
2026-05-28 23:30:48 | INFO     | FDA query URL: https://api.fda.gov/drug/ndc.json?search=packaging.package_ndc%3A%225074-2622-01%22
2026-05-28 23:30:50 | INFO     | FDA response status: 404
2026-05-28 23:30:50 | WARNING  | FDA API error: {
  "error": {
    "code": "NOT_FOUND",
    "message": "No matches found!"
  }
}
2026-05-28 23:30:50 | INFO     | FDA query URL: https://api.fda.gov/drug/ndc.json?search=packaging.package_ndc%3A%2250742-622-01%22
2026-05-28 23:30:52 | INFO     | FDA response status: 200
2026-05-28 23:30:52 | INFO     | Processing complete.
2026-05-28 23:30:52 | INFO     | DataMatrix scan: 20260331_181500907_iOS.heic gtin=00350742622016 serial=20000027040817270531 exp=2027-05-31 lot=03507426220162120000
2026-05-28 23:30:52 | INFO     | OK BARCODE_OK: 20260331_181500907_iOS.heic ndc10=50742-622-01 -> ndc11=50742062201
2026-05-28 23:30:52 | INFO     | MATCH_FAIL: 20260331_181500907_iOS.heic ndc11=50742062201 no invoice match
2026-05-28 23:31:20 | INFO     | Scanning barcode using pyzbar...
2026-05-28 23:31:20 | INFO     | Detected barcode: 0369452312209
2026-05-28 23:31:20 | INFO     | Normalized package NDC: 69452-312-20
2026-05-28 23:31:20 | INFO     | FDA query URL: https://api.fda.gov/drug/ndc.json?search=packaging.package_ndc%3A%226945-2312-20%22
2026-05-28 23:31:22 | INFO     | FDA response status: 404
2026-05-28 23:31:22 | WARNING  | FDA API error: {
  "error": {
    "code": "NOT_FOUND",
    "message": "No matches found!"
  }
}
2026-05-28 23:31:22 | INFO     | FDA query URL: https://api.fda.gov/drug/ndc.json?search=packaging.package_ndc%3A%2269452-312-20%22
2026-05-28 23:31:24 | INFO     | FDA response status: 200
2026-05-28 23:31:24 | INFO     | Processing complete.
2026-05-28 23:31:24 | INFO     | DataMatrix scan: 20260331_181536749_iOS.heic gtin=00369452312209 serial=1SGKC1XE3ZFK17270531 exp=2027-05-31 lot=0369452312209211SGKC
2026-05-28 23:31:24 | INFO     | OK BARCODE_OK: 20260331_181536749_iOS.heic ndc10=69452-312-20 -> ndc11=69452031220
2026-05-28 23:31:24 | INFO     | MATCH_FAIL: 20260331_181536749_iOS.heic ndc11=69452031220 no invoice match
