2026-05-28 22:45:06 | INFO     | Scanning barcode using pyzbar...
2026-05-28 22:45:06 | WARNING  | No barcode detected.
2026-05-28 22:45:06 | INFO     | Normalized package NDC: None
2026-05-28 22:45:06 | INFO     | Processing complete.
2026-05-28 22:45:06 | INFO     | DataMatrix scan: 20260331_181058755_iOS.heic -> Could not decode image bytes.
2026-05-28 22:45:06 | INFO     | Scanning barcode using pyzbar...
2026-05-28 22:45:06 | INFO     | Detected barcode: 0368382095053
2026-05-28 22:45:06 | INFO     | Normalized package NDC: 68382-095-05
2026-05-28 22:45:06 | INFO     | FDA query URL: https://api.fda.gov/drug/ndc.json?search=packaging.package_ndc%3A%226838-2095-05%22
2026-05-28 22:45:08 | INFO     | FDA response status: 404
2026-05-28 22:45:08 | WARNING  | FDA API error: {
  "error": {
    "code": "NOT_FOUND",
    "message": "No matches found!"
  }
}
2026-05-28 22:45:08 | INFO     | FDA query URL: https://api.fda.gov/drug/ndc.json?search=packaging.package_ndc%3A%2268382-095-05%22
2026-05-28 22:45:10 | INFO     | FDA response status: 200
2026-05-28 22:45:10 | INFO     | Processing complete.
2026-05-28 22:45:10 | INFO     | DataMatrix scan: 20260331_181104209_iOS.heic -> Could not decode image bytes.
2026-05-28 22:45:10 | INFO     | Scanning barcode using pyzbar...
2026-05-28 22:45:10 | WARNING  | No barcode detected.
2026-05-28 22:45:10 | INFO     | Normalized package NDC: None
2026-05-28 22:45:10 | INFO     | Processing complete.
2026-05-28 22:45:10 | INFO     | DataMatrix scan: 20260331_181335367_iOS.heic -> Could not decode image bytes.
2026-05-28 22:45:10 | INFO     | Scanning barcode using pyzbar...
2026-05-28 22:45:11 | INFO     | Detected barcode: 0375907005305
2026-05-28 22:45:11 | INFO     | Normalized package NDC: 75907-005-30
2026-05-28 22:45:11 | INFO     | FDA query URL: https://api.fda.gov/drug/ndc.json?search=packaging.package_ndc%3A%227590-7005-30%22
2026-05-28 22:45:12 | INFO     | FDA response status: 404
2026-05-28 22:45:12 | WARNING  | FDA API error: {
  "error": {
    "code": "NOT_FOUND",
    "message": "No matches found!"
  }
}
2026-05-28 22:45:12 | INFO     | FDA query URL: https://api.fda.gov/drug/ndc.json?search=packaging.package_ndc%3A%2275907-005-30%22
2026-05-28 22:45:13 | INFO     | FDA response status: 200
2026-05-28 22:45:13 | INFO     | Processing complete.
2026-05-28 22:45:13 | INFO     | DataMatrix scan: 20260331_181340184_iOS.heic -> Could not decode image bytes.
2026-05-28 22:45:13 | INFO     | Scanning barcode using pyzbar...
2026-05-28 22:45:14 | WARNING  | No barcode detected.
2026-05-28 22:45:14 | INFO     | Normalized package NDC: None
2026-05-28 22:45:14 | INFO     | Processing complete.
2026-05-28 22:45:14 | INFO     | DataMatrix scan: 20260331_181350325_iOS.heic -> Could not decode image bytes.
2026-05-28 22:45:14 | INFO     | Scanning barcode using pyzbar...
2026-05-28 22:45:14 | INFO     | Detected barcode: 0329300155013
2026-05-28 22:45:14 | INFO     | Normalized package NDC: 29300-155-01
2026-05-28 22:45:14 | INFO     | FDA query URL: https://api.fda.gov/drug/ndc.json?search=packaging.package_ndc%3A%222930-0155-01%22
2026-05-28 22:45:16 | INFO     | FDA response status: 404
2026-05-28 22:45:16 | WARNING  | FDA API error: {
  "error": {
    "code": "NOT_FOUND",
    "message": "No matches found!"
  }
}
2026-05-28 22:45:16 | INFO     | FDA query URL: https://api.fda.gov/drug/ndc.json?search=packaging.package_ndc%3A%2229300-155-01%22
2026-05-28 22:45:17 | INFO     | FDA response status: 200
2026-05-28 22:45:17 | INFO     | Processing complete.
2026-05-28 22:45:17 | INFO     | DataMatrix scan: 20260331_181356625_iOS.heic -> Could not decode image bytes.
2026-05-28 22:45:17 | INFO     | Scanning barcode using pyzbar...
2026-05-28 22:45:18 | WARNING  | No barcode detected.
2026-05-28 22:45:18 | INFO     | Normalized package NDC: None
2026-05-28 22:45:18 | INFO     | Processing complete.
2026-05-28 22:45:18 | INFO     | DataMatrix scan: 20260331_181402723_iOS.heic -> Could not decode image bytes.
2026-05-28 22:45:18 | INFO     | Scanning barcode using pyzbar...
2026-05-28 22:45:18 | WARNING  | No barcode detected.
2026-05-28 22:45:18 | INFO     | Normalized package NDC: None
2026-05-28 22:45:18 | INFO     | Processing complete.
2026-05-28 22:45:18 | INFO     | DataMatrix scan: 20260331_181411172_iOS.heic -> Could not decode image bytes.
2026-05-28 22:45:18 | INFO     | Scanning barcode using pyzbar...
2026-05-28 22:45:18 | INFO     | Detected barcode: 0365862779908
2026-05-28 22:45:18 | INFO     | Normalized package NDC: 65862-779-90
2026-05-28 22:45:18 | INFO     | FDA query URL: https://api.fda.gov/drug/ndc.json?search=packaging.package_ndc%3A%226586-2779-90%22
2026-05-28 22:45:20 | INFO     | FDA response status: 404
2026-05-28 22:45:20 | WARNING  | FDA API error: {
  "error": {
    "code": "NOT_FOUND",
    "message": "No matches found!"
  }
}
2026-05-28 22:45:20 | INFO     | FDA query URL: https://api.fda.gov/drug/ndc.json?search=packaging.package_ndc%3A%2265862-779-90%22
2026-05-28 22:45:21 | INFO     | FDA response status: 200
2026-05-28 22:45:21 | INFO     | Processing complete.
2026-05-28 22:45:21 | INFO     | DataMatrix scan: 20260331_181428482_iOS.heic -> Could not decode image bytes.
2026-05-28 22:45:22 | INFO     | Scanning barcode using pyzbar...
2026-05-28 22:45:22 | INFO     | Detected barcode: 0365862779908
2026-05-28 22:45:22 | INFO     | Normalized package NDC: 65862-779-90
2026-05-28 22:45:22 | INFO     | FDA query URL: https://api.fda.gov/drug/ndc.json?search=packaging.package_ndc%3A%226586-2779-90%22
2026-05-28 22:45:24 | INFO     | FDA response status: 404
2026-05-28 22:45:24 | WARNING  | FDA API error: {
  "error": {
    "code": "NOT_FOUND",
    "message": "No matches found!"
  }
}
2026-05-28 22:45:24 | INFO     | FDA query URL: https://api.fda.gov/drug/ndc.json?search=packaging.package_ndc%3A%2265862-779-90%22
2026-05-28 22:45:25 | INFO     | FDA response status: 200
2026-05-28 22:45:25 | INFO     | Processing complete.
2026-05-28 22:45:25 | INFO     | DataMatrix scan: 20260331_181433288_iOS.heic -> Could not decode image bytes.
